BindingsExistTest.java:8:36: compiler.err.match.binding.exists
BindingsExistTest.java:10:36: compiler.err.match.binding.exists
BindingsExistTest.java:15:35: compiler.err.already.defined: kindname.variable, k, kindname.method, t(java.lang.Object,java.lang.Object)
BindingsExistTest.java:18:34: compiler.err.already.defined: kindname.variable, s2, kindname.method, t(java.lang.Object,java.lang.Object)
BindingsExistTest.java:21:20: compiler.err.already.defined: kindname.variable, s3, kindname.method, t(java.lang.Object,java.lang.Object)
BindingsExistTest.java:27:16: compiler.err.already.defined: kindname.variable, s4, kindname.method, t(java.lang.Object,java.lang.Object)
6 errors
