ExpressionSwitch.java:44:16: compiler.err.preview.feature.disabled.plural: (compiler.misc.feature.switch.expressions)
ExpressionSwitch.java:45:20: compiler.err.preview.feature.disabled.plural: (compiler.misc.feature.switch.rules)
ExpressionSwitch.java:95:21: compiler.err.preview.feature.disabled.plural: (compiler.misc.feature.multiple.case.labels)
3 errors
