BadUseOfRecordKeywordTest.java:9:15: compiler.err.record.not.allowed: record
BadUseOfRecordKeywordTest.java:13:11: compiler.err.record.not.allowed: record
BadUseOfRecordKeywordTest.java:15:10: compiler.err.record.not.allowed: record
BadUseOfRecordKeywordTest.java:17:12: compiler.err.record.not.allowed: record
4 errors
